✔ Started dev server @ http://localhost:57617 (listening on 127.0.0.1)
ℹ Pre-rendering chrome-mv3 for development with Vite 8.3.0
[?25l⠋ Preparing...[K⠋ [1/1] background, popup[K[K[?25h[K[?25h✔ Built extension in 62 ms
  ├─ .output/chrome-mv3-dev/manifest.json             864 B   
  ├─ .output/chrome-mv3-dev/popup.html                476 B   
  ├─ .output/chrome-mv3-dev/background.js             22.95 kB
  └─ .output/chrome-mv3-dev/chunks/popup-CEtDTl8d.js  8.25 kB 
Σ Total size: 32.54 kB                              
✔ Opened browser in 620 ms
ℹ Press o + enter to reopen the browser
ℹ Config changed, restarting server...
✔ Started dev server @ http://localhost:57617 (listening on 127.0.0.1)
ℹ Pre-rendering chrome-mv3 for development with Vite 8.3.0
[?25l⠋ Preparing...[K⠋ [1/1] background, popup[K[K[?25h[K[?25h✔ Built extension in 49 ms
  ├─ .output/chrome-mv3-dev/manifest.json             864 B   
  ├─ .output/chrome-mv3-dev/popup.html                476 B   
  ├─ .output/chrome-mv3-dev/background.js             22.95 kB
  └─ .output/chrome-mv3-dev/chunks/popup-CEtDTl8d.js  8.25 kB 
Σ Total size: 32.54 kB                              
✔ Opened browser in 436 ms
ℹ Press o + enter to reopen the browser
node:internal/modules/run_main:107
    triggerUncaughtException(
    ^

ExpectError: expect(received).toBe(expected) // Object.is equality

Expected: false
Received: true

Call Log:
- Timeout 30000ms exceeded while waiting on the predicate
    at captureRawStack (/private/tmp/devkit-wxt-managed-chromium-DnfUU2/node_modules/.pnpm/playwright-core@1.63.0/node_modules/playwright-core/lib/coreBundle.js:8588:17)
    at callMatcherAsStep (/private/tmp/devkit-wxt-managed-chromium-DnfUU2/node_modules/.pnpm/playwright@1.63.0/node_modules/playwright/lib/matchers/expect.js:13310:57)
    at Object.toBe (/private/tmp/devkit-wxt-managed-chromium-DnfUU2/node_modules/.pnpm/playwright@1.63.0/node_modules/playwright/lib/matchers/expect.js:13302:23)
    at /private/tmp/devkit-wxt-managed-chromium-DnfUU2/check-managed-restart.mjs:103:78 {
  matcherResult: {
    pass: false,
    message: 'expect(received).toBe(expected) // Object.is equality\n' +
      '\n' +
      'Expected: false\n' +
      'Received: true\n' +
      '\n' +
      'Call Log:\n' +
      '- Timeout 30000ms exceeded while waiting on the predicate',
    name: 'toBe'
  }
}

Node.js v26.9.0
