ℹ tsdown v0.22.14 powered by rolldown v1.2.1
ℹ config file: /private/tmp/cdb-subscription-candidate.mmsc0rg7/repo/packages/core/tsdown.config.ts 
ℹ entry: src/index.ts, src/agent.ts, src/authority.ts, src/authentication.ts, src/automation.ts, src/broker.ts, src/cdp-catalogue.ts, src/client.ts, src/embedded.ts, src/grant-request.ts, src/protocol.ts, src/protocol-json-schema.ts, src/session.ts, src/testing.ts, src/timing.ts
ℹ target: es2024
ℹ tsconfig: tsconfig.json
ℹ Build start
ℹ dist/index.js                            24.06 kB │ gzip:  5.66 kB
ℹ dist/grant-request.js                    15.43 kB │ gzip:  3.79 kB
ℹ dist/session.js                           8.56 kB │ gzip:  2.43 kB
ℹ dist/authentication.js                    7.06 kB │ gzip:  1.87 kB
ℹ dist/embedded.js                          4.96 kB │ gzip:  1.51 kB
ℹ dist/authority.js                         2.77 kB │ gzip:  0.86 kB
ℹ dist/protocol.js                          2.09 kB │ gzip:  0.60 kB
ℹ dist/agent.js                             1.77 kB │ gzip:  0.61 kB
ℹ dist/timing.js                            0.68 kB │ gzip:  0.38 kB
ℹ dist/protocol-json-schema.js              0.68 kB │ gzip:  0.33 kB
ℹ dist/automation.js                        0.55 kB │ gzip:  0.30 kB
ℹ dist/cdp-catalogue.js                     0.34 kB │ gzip:  0.19 kB
ℹ dist/broker.js                            0.24 kB │ gzip:  0.14 kB
ℹ dist/client.js                            0.18 kB │ gzip:  0.13 kB
ℹ dist/testing.js                           0.00 kB │ gzip:  0.02 kB
ℹ dist/broker-DyfoMMBV.js.map             124.86 kB │ gzip: 25.41 kB
ℹ dist/cdp-authorization-ZTwkDT60.js.map   70.16 kB │ gzip:  9.52 kB
ℹ dist/broker-DyfoMMBV.js                  62.00 kB │ gzip: 12.05 kB
ℹ dist/client-plane-CnMlRYpg.js.map        54.15 kB │ gzip:  7.21 kB
ℹ dist/cdp-authorization-ZTwkDT60.js       47.37 kB │ gzip:  6.89 kB
ℹ dist/index.js.map                        36.89 kB │ gzip:  9.15 kB
ℹ dist/client-plane-CnMlRYpg.js            32.16 kB │ gzip:  4.28 kB
ℹ dist/grant-request.js.map                30.55 kB │ gzip:  7.37 kB
ℹ dist/session.js.map                      16.84 kB │ gzip:  4.55 kB
ℹ dist/authentication.js.map               13.44 kB │ gzip:  3.40 kB
ℹ dist/embedded.js.map                     10.46 kB │ gzip:  3.01 kB
ℹ dist/client-CmcUjqg9.js.map              10.38 kB │ gzip:  2.86 kB
ℹ dist/automation.js.map                    7.31 kB │ gzip:  1.94 kB
ℹ dist/authority.js.map                     6.04 kB │ gzip:  1.81 kB
ℹ dist/protocol-DUVgjUmo.d.ts.map           4.25 kB │ gzip:  0.71 kB
ℹ dist/client-CmcUjqg9.js                   3.63 kB │ gzip:  1.03 kB
ℹ dist/agent.js.map                         3.51 kB │ gzip:  1.15 kB
ℹ dist/broker-CRsevq3j.d.ts.map             3.48 kB │ gzip:  1.29 kB
ℹ dist/automation-DgzeFdbH.d.ts.map         1.24 kB │ gzip:  0.55 kB
ℹ dist/timing.js.map                        1.11 kB │ gzip:  0.60 kB
ℹ dist/protocol-json-schema.js.map          0.92 kB │ gzip:  0.45 kB
ℹ dist/grant-request.d.ts.map               0.88 kB │ gzip:  0.45 kB
ℹ dist/index.d.ts.map                       0.69 kB │ gzip:  0.38 kB
ℹ dist/session.d.ts.map                     0.63 kB │ gzip:  0.35 kB
ℹ dist/authentication.d.ts.map              0.61 kB │ gzip:  0.29 kB
ℹ dist/authority.d.ts.map                   0.38 kB │ gzip:  0.24 kB
ℹ dist/embedded.d.ts.map                    0.33 kB │ gzip:  0.25 kB
ℹ dist/cdp-catalogue.d.ts.map               0.29 kB │ gzip:  0.21 kB
ℹ dist/agent.d.ts.map                       0.21 kB │ gzip:  0.17 kB
ℹ dist/timing-D1B0nOqH.d.ts.map             0.18 kB │ gzip:  0.16 kB
ℹ dist/protocol-json-schema.d.ts.map        0.13 kB │ gzip:  0.13 kB
ℹ dist/cdp-catalogue.d.ts                  65.86 kB │ gzip:  6.72 kB
ℹ dist/index.d.ts                          13.41 kB │ gzip:  3.30 kB
ℹ dist/grant-request.d.ts                   4.91 kB │ gzip:  1.50 kB
ℹ dist/protocol.d.ts                        3.86 kB │ gzip:  1.03 kB
ℹ dist/session.d.ts                         3.18 kB │ gzip:  0.96 kB
ℹ dist/authentication.d.ts                  2.87 kB │ gzip:  0.74 kB
ℹ dist/embedded.d.ts                        1.97 kB │ gzip:  0.77 kB
ℹ dist/authority.d.ts                       1.62 kB │ gzip:  0.60 kB
ℹ dist/automation.d.ts                      1.28 kB │ gzip:  0.35 kB
ℹ dist/agent.d.ts                           0.82 kB │ gzip:  0.40 kB
ℹ dist/broker.d.ts                          0.78 kB │ gzip:  0.29 kB
ℹ dist/client.d.ts                          0.46 kB │ gzip:  0.21 kB
ℹ dist/protocol-json-schema.d.ts            0.21 kB │ gzip:  0.16 kB
ℹ dist/timing.d.ts                          0.20 kB │ gzip:  0.13 kB
ℹ dist/testing.d.ts                         0.01 kB │ gzip:  0.03 kB
ℹ dist/protocol-DUVgjUmo.d.ts              75.59 kB │ gzip:  4.67 kB
ℹ dist/broker-CRsevq3j.d.ts                17.59 kB │ gzip:  4.36 kB
ℹ dist/automation-DgzeFdbH.d.ts             7.08 kB │ gzip:  1.82 kB
ℹ dist/timing-D1B0nOqH.d.ts                 0.65 kB │ gzip:  0.34 kB
ℹ 65 files, total: 816.76 kB
✔ Build complete in 792ms
