
 RUN  v5.0.1 /Users/dinh-van.colomban/Workspace/private/devkit-extension/examples/debugger

 ❯ tests/subscription.test.ts (1 test | 1 failed) 10ms
   × retains native events emitted before domain enable completes 10ms

⎯⎯⎯⎯⎯⎯⎯ Failed Tests 1 ⎯⎯⎯⎯⎯⎯⎯

 FAIL  tests/subscription.test.ts > retains native events emitted before domain enable completes
AssertionError: expected { done: true, value: undefined } to match object { done: false, value: { …(2) } }

- Expected
+ Received

  {
-   "done": false,
-   "value": {
-     "method": "Runtime.consoleAPICalled",
-     "parameters": {
-       "args": [
-         {
-           "value": "during-enable",
-         },
-       ],
-     },
-   },
+   "done": true,
+   "value": undefined,
  }

 ❯ tests/subscription.test.ts:48:19
     46|     const event = await next;
     47|     await host.bridge.client.releaseLease(reference);
     48|     expect(event).toMatchObject({
       |                   ^
     49|       done: false,
     50|       value: {

⎯⎯⎯⎯⎯⎯⎯⎯⎯⎯⎯⎯⎯⎯⎯⎯⎯⎯⎯⎯⎯⎯⎯⎯[1/1]⎯


 Test Files  1 failed (1)
      Tests  1 failed (1)
   Start at  16:47:51
   Duration  188ms (import 57%, transform 28%, tests 12%, worker 3%)

Error: ERR_PNPM_RECURSIVE_EXEC_FIRST_FAIL

  × "pnpm recursive exec" failed in /Users/dinh-van.colomban/Workspace/
  │ private/devkit-extension/examples/debugger

