{
    "compilerOptions": {
        "exactOptionalPropertyTypes": true,
        "forceConsistentCasingInFileNames": true,
        "isolatedModules": true,
        "lib": [
            "es2023",
            "dom"
        ],
        "module": "esnext",
        "moduleResolution": "bundler",
        "noEmit": true,
        "noFallthroughCasesInSwitch": true,
        "noUncheckedIndexedAccess": true,
        "noUnusedLocals": true,
        "noUnusedParameters": true,
        "noImplicitOverride": true,
        "skipLibCheck": false,
        "strict": true,
        "target": "es2023",
        "types": [
            "node",
            "chrome"
        ],
        "verbatimModuleSyntax": true,
        "preserveConstEnums": true
    },
    "files": [
        "./entry.ts",
        "../.wxt/types/paths.d.ts"
    ]
}