vite v8.3.0 building client environment for production...
transforming...
✓ 5 modules transformed.
✗ Build failed in 20ms
error during build:
Build failed with 3 errors:

[builtin:vite-transform] plugin `builtin:vite-transform` threw an error

Caused by:
    Tsconfig not found @tsconfig/node24/tsconfig.json

[builtin:vite-transform] plugin `builtin:vite-transform` threw an error

Caused by:
    Tsconfig not found @tsconfig/node24/tsconfig.json

[builtin:vite-transform] plugin `builtin:vite-transform` threw an error

Caused by:
    Tsconfig not found @tsconfig/node24/tsconfig.json

    at aggregateBindingErrorsIntoJsError (file://<PROBE_ROOT>/node_modules/.pnpm/rolldown@1.2.9/node_modules/rolldown/dist/shared/error-CGhV1ebk.mjs:48:18)
    at unwrapBindingResult (file://<PROBE_ROOT>/node_modules/.pnpm/rolldown@1.2.9/node_modules/rolldown/dist/shared/error-CGhV1ebk.mjs:18:128)
    at #build (file://<PROBE_ROOT>/node_modules/.pnpm/rolldown@1.2.9/node_modules/rolldown/dist/shared/rolldown-Ld3ZGGCt.mjs:133:34)
    at async buildEnvironment (file://<PROBE_ROOT>/node_modules/.pnpm/vite@8.3.0_@types+node@26.6.2_jiti@2.7.0/node_modules/vite/dist/node/chunks/node.js:34082:66)
    at async Object.build (file://<PROBE_ROOT>/node_modules/.pnpm/vite@8.3.0_@types+node@26.6.2_jiti@2.7.0/node_modules/vite/dist/node/chunks/node.js:34503:19)
    at async Object.buildApp (file://<PROBE_ROOT>/node_modules/.pnpm/vite@8.3.0_@types+node@26.6.2_jiti@2.7.0/node_modules/vite/dist/node/chunks/node.js:34500:153)
    at async CAC.<anonymous> (file://<PROBE_ROOT>/node_modules/.pnpm/vite@8.3.0_@types+node@26.6.2_jiti@2.7.0/node_modules/vite/dist/node/cli.js:780:3) {
  errors: [Getter/Setter]
}
