✔ Started dev server @ http://127.0.0.1:49238 (listening on 127.0.0.1)
ℹ Pre-rendering firefox-mv3 for development with Vite 8.3.0
[?25l⠋ Preparing...[K⠋ [1/1] background, panel[K[K[?25h[K[?25h✔ Built extension in 83 ms
  ├─ .output/firefox-mv3-dev/manifest.json             1.09 kB
  ├─ .output/firefox-mv3-dev/panel.html                2.53 kB
  ├─ .output/firefox-mv3-dev/background.js             1.44 MB
  └─ .output/firefox-mv3-dev/chunks/panel-CNfEF2iM.js  8.25 kB
Σ Total size: 1.45 MB                                
✔ Opened browser in 943 ms
ℹ Press o + enter to reopen the browser
Native WXT started; attaching observer
1790652047066	geckodriver	INFO	Listening on 127.0.0.1:49261
Observer attached; native extension UUID found
Opening panel 1
Initial panel 1 connected and rendered
Opening panel 2
Initial panel 2 connected and rendered
Recorded initial provider and connection identity
1790652048146	geckodriver::marionette	ERROR	Failed to close browser connection: unknown error
1790652048161	webdriver::server	INFO	Shutting down
/private/tmp/devkit-wxt-firefox-json-hmr-4azlFV/node_modules/.pnpm/selenium-webdriver@4.49.0/node_modules/selenium-webdriver/lib/error.js:523
    let err = new ctor(data.message)
              ^

WebDriverError: Failed to decode response from marionette
    at Object.throwDecodedError (/private/tmp/devkit-wxt-firefox-json-hmr-4azlFV/node_modules/.pnpm/selenium-webdriver@4.49.0/node_modules/selenium-webdriver/lib/error.js:523:15)
    at parseHttpResponse (/private/tmp/devkit-wxt-firefox-json-hmr-4azlFV/node_modules/.pnpm/selenium-webdriver@4.49.0/node_modules/selenium-webdriver/lib/http.js:527:13)
    at Executor.execute (/private/tmp/devkit-wxt-firefox-json-hmr-4azlFV/node_modules/.pnpm/selenium-webdriver@4.49.0/node_modules/selenium-webdriver/lib/http.js:459:28)
    at process.processTicksAndRejections (node:internal/process/task_queues:104:5)
    at async Driver.execute (/private/tmp/devkit-wxt-firefox-json-hmr-4azlFV/node_modules/.pnpm/selenium-webdriver@4.49.0/node_modules/selenium-webdriver/lib/webdriver.js:755:17) {
  remoteStacktrace: ''
}

Node.js v26.9.0
