vite v8.3.0 building client environment for production...
transforming...
✓ 11 modules transformed.
rendering chunks...
computing gzip size...
fixtures/custom/dist-firefox/devtools.html            0.22 kB │ gzip: 0.16 kB
fixtures/custom/dist-firefox/options.html             0.22 kB │ gzip: 0.16 kB
fixtures/custom/dist-firefox/popup.html               0.22 kB │ gzip: 0.16 kB
fixtures/custom/dist-firefox/sidepanel.html           0.22 kB │ gzip: 0.16 kB
fixtures/custom/dist-firefox/assets/page-gxDkXOtz.js  2.13 kB │ gzip: 1.05 kB │ map: 4.50 kB

✓ built in 22ms
vite v8.3.0 building client environment for production...
transforming...
✓ 5 modules transformed.
rendering chunks...
computing gzip size...
fixtures/custom/dist-firefox/background.js  1.07 kB │ gzip: 0.49 kB │ map: 2.71 kB

✓ built in 5ms
vite v8.3.0 building client environment for production...
transforming...
✓ 5 modules transformed.
rendering chunks...
computing gzip size...
fixtures/custom/dist-firefox/content.js  1.93 kB │ gzip: 0.76 kB │ map: 3.41 kB

✓ built in 4ms
vite v8.3.0 building client environment for production...
transforming...
✓ 2 modules transformed.
rendering chunks...
computing gzip size...
fixtures/custom/dist-firefox/main-world.js  0.16 kB │ gzip: 0.15 kB │ map: 0.22 kB

✓ built in 3ms
