Scope: all 4 workspace projects
Added 20 entries to minimumReleaseAgeExclude in pnpm-workspace.yaml (set minimumReleaseAgeStrict to true to gate these updates with a prompt):
  @oxlint/binding-android-arm-eabi@1.85.0
  @oxlint/binding-android-arm64@1.85.0
  @oxlint/binding-darwin-arm64@1.85.0
  @oxlint/binding-darwin-x64@1.85.0
  @oxlint/binding-freebsd-x64@1.85.0
  @oxlint/binding-linux-arm-gnueabihf@1.85.0
  @oxlint/binding-linux-arm-musleabihf@1.85.0
  @oxlint/binding-linux-arm64-gnu@1.85.0
  @oxlint/binding-linux-arm64-musl@1.85.0
  @oxlint/binding-linux-ppc64-gnu@1.85.0
  @oxlint/binding-linux-riscv64-gnu@1.85.0
  @oxlint/binding-linux-riscv64-musl@1.85.0
  @oxlint/binding-linux-s390x-gnu@1.85.0
  @oxlint/binding-linux-x64-gnu@1.85.0
  @oxlint/binding-linux-x64-musl@1.85.0
  @oxlint/binding-openharmony-arm64@1.85.0
  @oxlint/binding-win32-arm64-msvc@1.85.0
  @oxlint/binding-win32-ia32-msvc@1.85.0
  @oxlint/binding-win32-x64-msvc@1.85.0
  oxlint@1.85.0
[WARN] 2 deprecated subdependencies found: eslint@9.39.4, whatwg-encoding@3.1.1
Downloading @turbo/darwin-arm64@2.11.2: 0.00 B/17.92 MB
Downloading @typescript/typescript-darwin-arm64@7.0.2: 0.00 B/9.27 MB
Downloading @oxlint/binding-darwin-arm64@1.85.0: 0.00 B/5.63 MB
Packages are cloned from the content-addressable store to the virtual store.
  Content-addressable store is at: <USER_HOME>/Library/pnpm/store/v11
  Virtual store is at:             node_modules/.pnpm
Downloading @oxlint-tsgolint/darwin-arm64@7.0.2002: 0.00 B/7.45 MB
Downloading @oxlint-tsgolint/darwin-arm64@7.0.2002: 1.94 MB/7.45 MB
Downloading @oxlint-tsgolint/darwin-arm64@7.0.2002: 5.63 MB/7.45 MB
Packages: +453
++++++++++++++++++++++++++++++++++++++++++++++++++++++++++++++++++++++++++++++++
Progress: resolved 453, reused 323, downloaded 130, added 453, done

devDependencies:
+ @devframes/json-render 1.0.0
+ @playwright/test 1.63.0
+ @types/node 26.6.2
+ oxlint 1.85.0
+ oxlint-tsgolint 7.0.2002
+ turbo 2.11.2
+ typescript 7.0.2
+ vite 8.3.0
+ vitest 5.0.1
+ web-ext 10.7.0
+ wxt 0.21.4

Done in 3.7s using pnpm v12.5.1
