✔ Started dev server @ http://localhost:39373
ℹ Pre-rendering chrome-mv3 for development with Vite 8.3.0

⠋ Preparing...
⠋ [1/3] background, devtools, options, popup, sidepanel
⠋ [2/3] main-world
⠋ [3/3] probe

✔ Built extension in 84 ms
  ├─ fixtures/wxt/.output/chrome-mv3-dev/manifest.json                   1.24 kB
  ├─ fixtures/wxt/.output/chrome-mv3-dev/devtools.html                   480 B
  ├─ fixtures/wxt/.output/chrome-mv3-dev/options.html                    480 B
  ├─ fixtures/wxt/.output/chrome-mv3-dev/popup.html                      480 B
  ├─ fixtures/wxt/.output/chrome-mv3-dev/sidepanel.html                  480 B
  ├─ fixtures/wxt/.output/chrome-mv3-dev/background.js                   26.64 kB
  ├─ fixtures/wxt/.output/chrome-mv3-dev/chunks/reload-html-Cdi8sg27.js  8.27 kB
  ├─ fixtures/wxt/.output/chrome-mv3-dev/content-scripts/probe.js        37.83 kB
  └─ fixtures/wxt/.output/chrome-mv3-dev/main-world.js                   2.87 kB
Σ Total size: 78.76 kB
ℹ Load "fixtures/wxt/.output/chrome-mv3-dev" as an unpacked extension manually
ℹ Changed: ../../shared/content-version.ts

⠋ Preparing...
⠋ [1/1] probe

✔ Reloaded: probe
ℹ Config changed, restarting server...
✔ Started dev server @ http://localhost:39373
ℹ Pre-rendering chrome-mv3 for development with Vite 8.3.0

⠋ Preparing...
⠋ [1/3] background, devtools, options, popup, sidepanel
⠋ [2/3] main-world
⠋ [3/3] probe

✔ Built extension in 38 ms
  ├─ fixtures/wxt/.output/chrome-mv3-dev/manifest.json                   1.24 kB
  ├─ fixtures/wxt/.output/chrome-mv3-dev/devtools.html                   480 B
  ├─ fixtures/wxt/.output/chrome-mv3-dev/options.html                    480 B
  ├─ fixtures/wxt/.output/chrome-mv3-dev/popup.html                      480 B
  ├─ fixtures/wxt/.output/chrome-mv3-dev/sidepanel.html                  480 B
  ├─ fixtures/wxt/.output/chrome-mv3-dev/background.js                   26.64 kB
  ├─ fixtures/wxt/.output/chrome-mv3-dev/chunks/reload-html-Cdi8sg27.js  8.27 kB
  ├─ fixtures/wxt/.output/chrome-mv3-dev/content-scripts/probe.js        37.83 kB
  └─ fixtures/wxt/.output/chrome-mv3-dev/main-world.js                   2.87 kB
Σ Total size: 78.76 kB
ℹ Load "fixtures/wxt/.output/chrome-mv3-dev" as an unpacked extension manually
✔ Started dev server @ http://localhost:39373
ℹ Pre-rendering firefox-mv3 for development with Vite 8.3.0

⠋ Preparing...
⠋ [1/3] background, devtools, options, popup, sidepanel
⠋ [2/3] main-world
⠋ [3/3] probe

✔ Built extension in 42 ms
  ├─ fixtures/wxt/.output/firefox-mv3-dev/manifest.json                   1.24 kB
  ├─ fixtures/wxt/.output/firefox-mv3-dev/devtools.html                   480 B
  ├─ fixtures/wxt/.output/firefox-mv3-dev/options.html                    480 B
  ├─ fixtures/wxt/.output/firefox-mv3-dev/popup.html                      480 B
  ├─ fixtures/wxt/.output/firefox-mv3-dev/sidepanel.html                  480 B
  ├─ fixtures/wxt/.output/firefox-mv3-dev/background.js                   26.64 kB
  ├─ fixtures/wxt/.output/firefox-mv3-dev/chunks/reload-html-Cdi8sg27.js  8.27 kB
  ├─ fixtures/wxt/.output/firefox-mv3-dev/content-scripts/probe.js        37.83 kB
  └─ fixtures/wxt/.output/firefox-mv3-dev/main-world.js                   2.87 kB
Σ Total size: 78.76 kB
ℹ Load "fixtures/wxt/.output/firefox-mv3-dev" as an unpacked extension manually
Running web extension from <PROBE_ROOT>/fixtures/wxt/.output/firefox-mv3-dev
Use --verbose or --devtools to see logging
Installed <PROBE_ROOT>/fixtures/wxt/.output/firefox-mv3-dev as a temporary add-on
Automatic extension reloading has been disabled
ℹ Changed: ../../shared/content-version.ts

⠋ Preparing...
⠋ [1/1] probe

✔ Reloaded: probe
ℹ Config changed, restarting server...
✔ Started dev server @ http://localhost:39373
ℹ Pre-rendering firefox-mv3 for development with Vite 8.3.0

⠋ Preparing...
⠋ [1/3] background, devtools, options, popup, sidepanel
⠋ [2/3] main-world
⠋ [3/3] probe

✔ Built extension in 50 ms
  ├─ fixtures/wxt/.output/firefox-mv3-dev/manifest.json                   1.24 kB
  ├─ fixtures/wxt/.output/firefox-mv3-dev/devtools.html                   480 B
  ├─ fixtures/wxt/.output/firefox-mv3-dev/options.html                    480 B
  ├─ fixtures/wxt/.output/firefox-mv3-dev/popup.html                      480 B
  ├─ fixtures/wxt/.output/firefox-mv3-dev/sidepanel.html                  480 B
  ├─ fixtures/wxt/.output/firefox-mv3-dev/background.js                   26.64 kB
  ├─ fixtures/wxt/.output/firefox-mv3-dev/chunks/reload-html-Cdi8sg27.js  8.27 kB
  ├─ fixtures/wxt/.output/firefox-mv3-dev/content-scripts/probe.js        37.83 kB
  └─ fixtures/wxt/.output/firefox-mv3-dev/main-world.js                   2.87 kB
Σ Total size: 78.76 kB
ℹ Load "fixtures/wxt/.output/firefox-mv3-dev" as an unpacked extension manually
vite v8.3.0 building client environment for production...
transforming...
✓ 11 modules transformed.
rendering chunks...
computing gzip size...
fixtures/custom/dist-chrome/devtools.html            0.22 kB │ gzip: 0.16 kB
fixtures/custom/dist-chrome/options.html             0.22 kB │ gzip: 0.16 kB
fixtures/custom/dist-chrome/popup.html               0.22 kB │ gzip: 0.16 kB
fixtures/custom/dist-chrome/sidepanel.html           0.22 kB │ gzip: 0.16 kB
fixtures/custom/dist-chrome/assets/page-gxDkXOtz.js  2.13 kB │ gzip: 1.05 kB │ map: 4.50 kB

✓ built in 11ms
vite v8.3.0 building client environment for production...
transforming...
✓ 5 modules transformed.
rendering chunks...
computing gzip size...
fixtures/custom/dist-chrome/background.js  1.19 kB │ gzip: 0.53 kB │ map: 2.93 kB

✓ built in 12ms
vite v8.3.0 building client environment for production...
transforming...
✓ 5 modules transformed.
rendering chunks...
computing gzip size...
fixtures/custom/dist-chrome/content.js  2.10 kB │ gzip: 0.79 kB │ map: 3.68 kB

✓ built in 6ms
vite v8.3.0 building client environment for production...
transforming...
✓ 2 modules transformed.
rendering chunks...
computing gzip size...
fixtures/custom/dist-chrome/main-world.js  0.16 kB │ gzip: 0.15 kB │ map: 0.22 kB

✓ built in 4ms
11:19:39 PM [vite] (client) hmr update /@fs<PROBE_ROOT>/shared/page.ts
vite v8.3.0 building client environment for production...
transforming...
✓ 11 modules transformed.
rendering chunks...
computing gzip size...
fixtures/custom/dist-firefox/devtools.html            0.22 kB │ gzip: 0.16 kB
fixtures/custom/dist-firefox/options.html             0.22 kB │ gzip: 0.16 kB
fixtures/custom/dist-firefox/popup.html               0.22 kB │ gzip: 0.16 kB
fixtures/custom/dist-firefox/sidepanel.html           0.22 kB │ gzip: 0.16 kB
fixtures/custom/dist-firefox/assets/page-gxDkXOtz.js  2.13 kB │ gzip: 1.05 kB │ map: 4.50 kB

✓ built in 8ms
vite v8.3.0 building client environment for production...
transforming...
✓ 5 modules transformed.
rendering chunks...
computing gzip size...
fixtures/custom/dist-firefox/background.js  1.19 kB │ gzip: 0.53 kB │ map: 2.93 kB

✓ built in 4ms
vite v8.3.0 building client environment for production...
transforming...
✓ 5 modules transformed.
rendering chunks...
computing gzip size...
fixtures/custom/dist-firefox/content.js  2.10 kB │ gzip: 0.79 kB │ map: 3.68 kB

✓ built in 5ms
vite v8.3.0 building client environment for production...
transforming...
✓ 2 modules transformed.
rendering chunks...
computing gzip size...
fixtures/custom/dist-firefox/main-world.js  0.16 kB │ gzip: 0.15 kB │ map: 0.22 kB

✓ built in 6ms
Running web extension from <PROBE_ROOT>/fixtures/custom/dist-firefox
Use --verbose or --devtools to see logging
Installed <PROBE_ROOT>/fixtures/custom/dist-firefox as a temporary add-on
Automatic extension reloading has been disabled
11:19:41 PM [vite] (client) hmr update /@fs<PROBE_ROOT>/shared/page.ts
[
  {
    "candidate": "wxt",
    "browserName": "chrome",
    "mode": "development",
    "steps": [
      {
        "name": "initial-content-background",
        "status": "observed",
        "observation": {
          "count": 0,
          "memoryCount": 0,
          "backgroundVersion": "background-initial",
          "boot": 1790086684619,
          "contentVersion": "content-initial",
          "contentBoot": 1790086684664,
          "invocationCount": 0,
          "pageTimeOrigin": 1790086684650.9
        }
      },
      {
        "name": "action-state",
        "status": "observed",
        "observation": {
          "count": 1,
          "memoryCount": 1,
          "backgroundVersion": "background-initial",
          "boot": 1790086684619,
          "contentVersion": "content-initial",
          "contentBoot": 1790086684664,
          "invocationCount": 1,
          "pageTimeOrigin": 1790086684650.9
        }
      },
      {
        "name": "extension-page",
        "status": "observed",
        "observation": {
          "count": 1,
          "memoryCount": 1,
          "backgroundVersion": "background-initial",
          "boot": 1790086684619,
          "viewVersion": "view-initial",
          "pageInvocations": 0,
          "specRoot": "root",
          "pageTimeOrigin": 1790086685069.2
        }
      },
      {
        "name": "page-update",
        "status": "observed",
        "observation": {
          "count": 1,
          "memoryCount": 1,
          "backgroundVersion": "background-initial",
          "boot": 1790086684619,
          "viewVersion": "view-updated",
          "pageInvocations": 0,
          "specRoot": "root",
          "pageTimeOrigin": 1790086685069.2
        }
      },
      {
        "name": "page-HMR-timeOrigin",
        "status": "unchanged"
      },
      {
        "name": "content-update",
        "status": "observed",
        "observation": {
          "count": 1,
          "memoryCount": 1,
          "backgroundVersion": "background-initial",
          "boot": 1790086684619,
          "contentVersion": "content-updated",
          "contentBoot": 1790086686220,
          "invocationCount": 0,
          "pageTimeOrigin": 1790086686215
        }
      },
      {
        "name": "single-listener-after-content-update",
        "status": "observed",
        "observation": {
          "count": 2,
          "memoryCount": 2,
          "backgroundVersion": "background-initial",
          "boot": 1790086684619,
          "contentVersion": "content-updated",
          "contentBoot": 1790086686220,
          "invocationCount": 1,
          "pageTimeOrigin": 1790086686215
        }
      },
      {
        "name": "background-update",
        "status": "unverified",
        "error": "Error: Observation timeout; content=44, page=2"
      },
      {
        "name": "manifest-update",
        "status": "unverified",
        "error": "Error: Observation timeout; content=80, page=3"
      }
    ]
  },
  {
    "candidate": "wxt",
    "browserName": "firefox",
    "mode": "development",
    "steps": [
      {
        "name": "initial-content-background",
        "status": "observed",
        "observation": {
          "count": 0,
          "memoryCount": 0,
          "backgroundVersion": "background-initial",
          "boot": 1790086723771,
          "contentVersion": "content-initial",
          "contentBoot": 1790086723896,
          "invocationCount": 0,
          "pageTimeOrigin": 1790086723873
        }
      },
      {
        "name": "action-state",
        "status": "observed",
        "observation": {
          "count": 1,
          "memoryCount": 1,
          "backgroundVersion": "background-initial",
          "boot": 1790086723771,
          "contentVersion": "content-initial",
          "contentBoot": 1790086723896,
          "invocationCount": 1,
          "pageTimeOrigin": 1790086723873
        }
      },
      {
        "name": "extension-page",
        "status": "observed",
        "observation": {
          "count": 0,
          "memoryCount": 0,
          "backgroundVersion": "background-initial",
          "boot": 1790086723771,
          "viewVersion": "view-initial",
          "pageInvocations": 0,
          "specRoot": "root",
          "pageTimeOrigin": 1790086723910
        }
      },
      {
        "name": "page-update",
        "status": "observed",
        "observation": {
          "count": 1,
          "memoryCount": 1,
          "backgroundVersion": "background-initial",
          "boot": 1790086723771,
          "viewVersion": "view-updated",
          "pageInvocations": 0,
          "specRoot": "root",
          "pageTimeOrigin": 1790086723910
        }
      },
      {
        "name": "page-HMR-timeOrigin",
        "status": "unchanged"
      },
      {
        "name": "content-update",
        "status": "unverified",
        "error": "Error: Observation timeout; content=22, page=3"
      },
      {
        "name": "background-update",
        "status": "unverified",
        "error": "Error: Observation timeout; content=38, page=3"
      },
      {
        "name": "manifest-update",
        "status": "unverified",
        "error": "Error: Observation timeout; content=56, page=3"
      }
    ]
  },
  {
    "candidate": "custom",
    "browserName": "chrome",
    "mode": "development",
    "steps": [
      {
        "name": "initial-content-background",
        "status": "observed",
        "observation": {
          "count": 0,
          "memoryCount": 0,
          "backgroundVersion": "background-initial",
          "boot": 1790086779353,
          "contentVersion": "content-initial",
          "contentBoot": 1790086779300,
          "invocationCount": 0,
          "pageTimeOrigin": 1790086779294.2
        }
      },
      {
        "name": "action-state",
        "status": "observed",
        "observation": {
          "count": 1,
          "memoryCount": 1,
          "backgroundVersion": "background-initial",
          "boot": 1790086779353,
          "contentVersion": "content-initial",
          "contentBoot": 1790086779300,
          "invocationCount": 1,
          "pageTimeOrigin": 1790086779294.2
        }
      },
      {
        "name": "extension-page",
        "status": "observed",
        "observation": {
          "count": 1,
          "memoryCount": 1,
          "backgroundVersion": "background-initial",
          "boot": 1790086779353,
          "viewVersion": "view-initial",
          "pageInvocations": 0,
          "specRoot": "root",
          "pageTimeOrigin": 1790086779717.5
        }
      },
      {
        "name": "page-update",
        "status": "observed",
        "observation": {
          "count": 1,
          "memoryCount": 1,
          "backgroundVersion": "background-initial",
          "boot": 1790086779353,
          "viewVersion": "view-updated",
          "pageInvocations": 0,
          "specRoot": "root",
          "pageTimeOrigin": 1790086779717.5
        }
      },
      {
        "name": "page-HMR-timeOrigin",
        "status": "unchanged"
      },
      {
        "name": "content-background-manifest-auto-reload",
        "status": "not-provided-by-minimal-packager"
      }
    ]
  },
  {
    "candidate": "custom",
    "browserName": "firefox",
    "mode": "development",
    "steps": [
      {
        "name": "initial-content-background",
        "status": "observed",
        "observation": {
          "count": 0,
          "memoryCount": 0,
          "backgroundVersion": "background-initial",
          "boot": 1790086780893,
          "contentVersion": "content-initial",
          "contentBoot": 1790086780917,
          "invocationCount": 0,
          "pageTimeOrigin": 1790086780813
        }
      },
      {
        "name": "action-state",
        "status": "observed",
        "observation": {
          "count": 1,
          "memoryCount": 1,
          "backgroundVersion": "background-initial",
          "boot": 1790086780893,
          "contentVersion": "content-initial",
          "contentBoot": 1790086780917,
          "invocationCount": 1,
          "pageTimeOrigin": 1790086780813
        }
      },
      {
        "name": "extension-page",
        "status": "observed",
        "observation": {
          "count": 0,
          "memoryCount": 0,
          "backgroundVersion": "background-initial",
          "boot": 1790086780893,
          "viewVersion": "view-initial",
          "pageInvocations": 0,
          "specRoot": "root",
          "pageTimeOrigin": 1790086781039
        }
      },
      {
        "name": "page-update",
        "status": "observed",
        "observation": {
          "count": 1,
          "memoryCount": 1,
          "backgroundVersion": "background-initial",
          "boot": 1790086780893,
          "viewVersion": "view-updated",
          "pageInvocations": 0,
          "specRoot": "root",
          "pageTimeOrigin": 1790086781373
        }
      },
      {
        "name": "page-HMR-timeOrigin",
        "status": "reloaded"
      },
      {
        "name": "content-background-manifest-auto-reload",
        "status": "not-provided-by-minimal-packager"
      }
    ]
  }
]
