
   • Packages in scope: @probe/example
   • Running test in 1 package
   • Remote caching disabled, using shared worktree cache

@probe/sdk:build: cache hit, replaying logs 23aa8c55b8c18f38
@probe/sdk:build: $ tsc --build tsconfig.json && vite build
@probe/sdk:build: vite v8.3.0 building client environment for production...
@probe/sdk:build: transforming...
@probe/sdk:build: ✓ 3 modules transformed.
@probe/sdk:build: rendering chunks...
@probe/sdk:build: computing gzip size...
@probe/sdk:build: dist/index.js  0.10 kB │ gzip: 0.10 kB
@probe/sdk:build: dist/node.js   0.13 kB │ gzip: 0.12 kB
@probe/sdk:build:
@probe/sdk:build: ✓ built in 8ms
@probe/example:test: cache bypass, force executing c42db3a8b8d3ade3
@probe/example:test: $ vitest run --config vitest.config.ts
@probe/example:test:
@probe/example:test:  RUN  v5.0.1 <PROBE_ROOT>/fixtures/example
@probe/example:test:
@probe/example:test:  ✓ example.test.ts (2 tests) 2ms
@probe/example:test:
@probe/example:test:  Test Files  1 passed (1)
@probe/example:test:       Tests  2 passed (2)
@probe/example:test:    Start at  23:18:47
@probe/example:test:    Duration  118ms (transform 58%, import 25%, worker 9%, tests 8%)
@probe/example:test:

 Tasks:    2 successful, 2 total
Cached:    1 cached, 2 total
  Time:    437ms

• turbo 2.11.2
