
WXT 0.21.4
ℹ Building firefox-mv3 for production with Vite 8.3.0

⠋ Preparing...
⠋ [1/3] background, devtools, options, popup, sidepanel
⠋ [2/3] main-world
⠋ [3/3] probe

✔ Built extension in 103 ms
  ├─ fixtures/wxt/.output/firefox-mv3/manifest.json                                593 B
  ├─ fixtures/wxt/.output/firefox-mv3/devtools.html                                329 B
  ├─ fixtures/wxt/.output/firefox-mv3/options.html                                 329 B
  ├─ fixtures/wxt/.output/firefox-mv3/popup.html                                   329 B
  ├─ fixtures/wxt/.output/firefox-mv3/sidepanel.html                               329 B
  ├─ fixtures/wxt/.output/firefox-mv3/background.js                                1.11 kB
  ├─ fixtures/wxt/.output/firefox-mv3/background.js.map                            2.83 kB
  ├─ fixtures/wxt/.output/firefox-mv3/chunks/_virtual_wxt-plugins-ZvdnR0U6.js      516 B
  ├─ fixtures/wxt/.output/firefox-mv3/chunks/_virtual_wxt-plugins-ZvdnR0U6.js.map  1.49 kB
  ├─ fixtures/wxt/.output/firefox-mv3/chunks/page-VW-1nLcb.js                      1.78 kB
  ├─ fixtures/wxt/.output/firefox-mv3/chunks/page-VW-1nLcb.js.map                  3.14 kB
  ├─ fixtures/wxt/.output/firefox-mv3/content-scripts/probe.js                     4.72 kB
  ├─ fixtures/wxt/.output/firefox-mv3/content-scripts/probe.js.map                 18.48 kB
  ├─ fixtures/wxt/.output/firefox-mv3/main-world.js                                556 B
  └─ fixtures/wxt/.output/firefox-mv3/main-world.js.map                            921 B
Σ Total size: 37.45 kB
✔ Finished in 230 ms
