Progress: resolved 0, reused 1, downloaded 0, added 0
✓ Lockfile passes supply-chain policies (verified 14m ago)
[WARN] 2 deprecated subdependencies found: eslint@9.39.4, whatwg-encoding@3.1.1
Packages are cloned from the content-addressable store to the virtual store.
  Content-addressable store is at: /Users/dinh-van.colomban/Library/pnpm/store/v11
  Virtual store is at:             node_modules/.pnpm
Packages: +428
++++++++++++++++++++++++++++++++++++++++++++++++++++++++++++++++++++++++++++++++
Progress: resolved 428, reused 428, downloaded 0, added 428, done

devDependencies:
+ @playwright/test 1.63.0
+ @types/chrome 0.3.0
+ @types/node 26.6.1
+ @wxt-dev/browser 0.3.0
+ rollup 4.63.4
+ selenium-webdriver 4.49.0
+ typescript 7.0.2
+ vite 8.3.0
+ web-ext 10.7.0
+ wxt 0.21.4

Done in 924ms using pnpm v12.5.1
