✔ Started dev server @ http://127.0.0.1:63024 (listening on 127.0.0.1)
ℹ Pre-rendering chrome-mv3 for development with Vite 8.3.0
[?25l⠋ Preparing...[K⠋ [1/1] background, panel[K[K[?25h[K[?25h✔ Built extension in 120 ms
  ├─ .output/chrome-mv3-dev/manifest.json             863 B  
  ├─ .output/chrome-mv3-dev/panel.html                2.53 kB
  ├─ .output/chrome-mv3-dev/background.js             1.44 MB
  └─ .output/chrome-mv3-dev/chunks/panel-BDKxhF1e.js  8.25 kB
Σ Total size: 1.45 MB                               
✔ Opened browser in 616 ms
ℹ Press o + enter to reopen the browser
debug [wxt] Connecting to dev server @ ws://127.0.0.1:63024
debug [wxt] Connected to dev server
debug [vite] connecting...
debug [wxt] Connecting to dev server @ ws://127.0.0.1:63024
debug [vite] connected.
debug [wxt] Connected to dev server
debug [vite] connecting...
debug [vite] connected.
debug [wxt] Connecting to dev server @ ws://127.0.0.1:63024
debug [wxt] Connected to dev server
debug [vite] hot updated: /@fs/Users/dinh-van.colomban/Workspace/private/devkit-extension/examples/webext/src/panel.ts
debug [vite] hot updated: /@fs/Users/dinh-van.colomban/Workspace/private/devkit-extension/examples/webext/src/panel.ts
{
  "source": "/Users/dinh-van.colomban/Workspace/private/devkit-extension/examples/webext/src/panel.ts",
  "sourceSha256": "26614a4d2ca1b06da70832deb4b85f9e7923ec2e3733a47532e782e9a0325a20",
  "events": [],
  "errors": [],
  "passed": true,
  "browser": "153.0.8010.12",
  "before": {
    "clickListeners": 1,
    "manifest": "1.0.0",
    "timeOrigin": 1790651228934.1,
    "identity": {
      "id": 0,
      "url": "chrome-extension://khbkjnkfdabdnpnnabjeijkdlfglelea/panel.html"
    },
    "generation": "84f306e5-c8b7-47a0-8b9a-c7873572a7a6",
    "ports": [
      {
        "connected": 1790651229262,
        "disconnected": null
      },
      {
        "connected": 1790651229320,
        "disconnected": null
      }
    ]
  },
  "editAt": 1790651229475,
  "after": {
    "clickListeners": 1,
    "timeOrigin": 1790651228934.1,
    "identity": {
      "id": 2,
      "url": "chrome-extension://khbkjnkfdabdnpnnabjeijkdlfglelea/panel.html"
    },
    "generation": "84f306e5-c8b7-47a0-8b9a-c7873572a7a6",
    "ports": [
      {
        "connected": 1790651229262,
        "disconnected": 1790651229593
      },
      {
        "connected": 1790651229320,
        "disconnected": 1790651229594
      },
      {
        "connected": 1790651229599,
        "disconnected": null
      },
      {
        "connected": 1790651229602,
        "disconnected": null
      }
    ]
  },
  "finalPorts": [
    {
      "connected": 1790651229262,
      "disconnected": 1790651229593
    },
    {
      "connected": 1790651229320,
      "disconnected": 1790651229594
    },
    {
      "connected": 1790651229599,
      "disconnected": null
    },
    {
      "connected": 1790651229602,
      "disconnected": null
    }
  ],
  "nativeStopDisconnectedBrowser": true,
  "restored": true,
  "cleanup": [
    {
      "status": "fulfilled"
    }
  ]
}
