$ tsdown
ℹ tsdown v0.22.14 powered by rolldown v1.2.1
ℹ config file: /private/tmp/devkit-cdb-worker-upstream/packages/extension/tsdown.config.ts 
ℹ entry: src/index.ts, src/chrome.ts, src/notifications.ts, src/bootstrap.ts, src/presentation.ts, src/testing.ts
ℹ target: chrome125
ℹ tsconfig: tsconfig.json
ℹ Build start
ℹ Cleaning 27 files
ℹ dist/chrome.js                               20.98 kB │ gzip:  5.42 kB
ℹ dist/index.js                                15.41 kB │ gzip:  4.01 kB
ℹ dist/notifications.js                        13.93 kB │ gzip:  4.19 kB
ℹ dist/presentation.js                          7.69 kB │ gzip:  2.71 kB
ℹ dist/bootstrap.js                             5.80 kB │ gzip:  1.77 kB
ℹ dist/testing.js                               0.00 kB │ gzip:  0.02 kB
ℹ dist/tab-scope-manager-Ban6HlPZ.js.map      107.49 kB │ gzip: 23.73 kB
ℹ dist/tab-scope-manager-Ban6HlPZ.js           54.67 kB │ gzip: 12.24 kB
ℹ dist/chrome.js.map                           40.70 kB │ gzip: 10.15 kB
ℹ dist/index.js.map                            31.21 kB │ gzip:  7.50 kB
ℹ dist/notifications.js.map                    26.28 kB │ gzip:  7.05 kB
ℹ dist/presentation.js.map                     13.82 kB │ gzip:  4.40 kB
ℹ dist/bootstrap.js.map                        12.44 kB │ gzip:  3.33 kB
ℹ dist/tab-scope-lifecycle-Bl01gyT_.d.ts.map    2.97 kB │ gzip:  1.15 kB
ℹ dist/index.d.ts.map                           1.93 kB │ gzip:  0.83 kB
ℹ dist/notifications.d.ts.map                   0.88 kB │ gzip:  0.42 kB
ℹ dist/bootstrap.d.ts.map                       0.84 kB │ gzip:  0.43 kB
ℹ dist/chrome.d.ts.map                          0.62 kB │ gzip:  0.34 kB
ℹ dist/presentation-DYqKDw-e.d.ts.map           0.37 kB │ gzip:  0.24 kB
ℹ dist/index.d.ts                              12.13 kB │ gzip:  3.15 kB
ℹ dist/notifications.d.ts                       5.07 kB │ gzip:  1.32 kB
ℹ dist/bootstrap.d.ts                           4.21 kB │ gzip:  1.12 kB
ℹ dist/chrome.d.ts                              3.22 kB │ gzip:  1.21 kB
ℹ dist/presentation.d.ts                        0.51 kB │ gzip:  0.18 kB
ℹ dist/testing.d.ts                             0.01 kB │ gzip:  0.03 kB
ℹ dist/tab-scope-lifecycle-Bl01gyT_.d.ts       13.49 kB │ gzip:  3.54 kB
ℹ dist/presentation-DYqKDw-e.d.ts               1.88 kB │ gzip:  0.62 kB
ℹ 27 files, total: 398.56 kB
✔ Build complete in 746ms
